2021-10-30 19:01:34.811 INFO    [de.tum.i13.client.TestClient] Creating a new Socket 
2021-10-30 19:01:34.925 INFO    [de.tum.i13.client.TestClient] Connecting to server 
2021-10-30 19:01:34.927 INFO    [de.tum.i13.client.TestClient] Getting the outputstream and inputstream 
2021-10-30 19:01:41.263 INFO    [de.tum.i13.client.TestClient] sending hello echo 
2021-10-30 19:01:41.264 INFO    [de.tum.i13.client.TestClient] printing what the server has returned 
2021-10-30 19:03:17.011 INFO    [de.tum.i13.client.TestClient] Creating a new Socket 
2021-10-30 19:03:17.066 INFO    [de.tum.i13.client.TestClient] Connecting to server 
2021-10-30 19:03:17.069 INFO    [de.tum.i13.client.TestClient] Getting the outputstream and inputstream 
2021-10-30 19:03:24.114 INFO    [de.tum.i13.client.TestClient] sending hello echo 
2021-10-30 19:03:24.116 INFO    [de.tum.i13.client.TestClient] printing what the server has returned 
2021-10-30 20:38:04.064 INFO    [de.tum.i13.client.TestClient] Creating a new Socket 
2021-10-30 20:38:04.172 INFO    [de.tum.i13.client.TestClient] Connecting to server 
2021-10-30 20:38:04.174 INFO    [de.tum.i13.client.TestClient] Getting the outputstream and inputstream 
2021-10-30 20:38:11.708 INFO    [de.tum.i13.client.TestClient] sending hello echo 
2021-10-30 20:38:11.709 INFO    [de.tum.i13.client.TestClient] printing what the server has returned 
2021-10-30 22:14:19.376 INFO    [de.tum.i13.client.TestClient] Connecting to server 
2021-10-30 22:14:19.391 INFO    [de.tum.i13.client.TestClient] Getting the outputstream and inputstream 
2021-10-30 22:14:26.378 FINER   [de.tum.i13.client.TestClient] THROW 
java.lang.NullPointerException: Cannot invoke "de.tum.i13.operations.operationDetails.sendMS(String)" because "de.tum.i13.client.TestClient.operations" is null
	at de.tum.i13.client.TestClient.main(TestClient.java:43)

2021-10-30 22:21:19.179 INFO    [de.tum.i13.client.TestClient] Connecting to server 
2021-10-30 22:21:19.199 INFO    [de.tum.i13.client.TestClient] Getting the outputstream and inputstream 
2021-10-30 22:21:25.389 FINER   [de.tum.i13.client.TestClient] THROW 
java.lang.NullPointerException: Cannot invoke "de.tum.i13.operations.operationDetails.askforHelp(String)" because "de.tum.i13.client.TestClient.operations" is null
	at de.tum.i13.client.TestClient.main(TestClient.java:38)

2021-10-30 22:22:51.575 INFO    [de.tum.i13.client.TestClient] Connecting to server 
2021-10-30 22:22:51.598 INFO    [de.tum.i13.client.TestClient] Getting the outputstream and inputstream 
2021-10-30 22:23:00.229 FINER   [de.tum.i13.client.TestClient] THROW 
java.lang.NullPointerException: Cannot invoke "java.net.Socket.getOutputStream()" because "this.S" is null
	at de.tum.i13.operations.operationDetails.sendMS(operationDetails.java:39)
	at de.tum.i13.client.TestClient.main(TestClient.java:44)

2021-10-30 22:26:36.779 INFO    [de.tum.i13.client.TestClient] Connecting to server 
2021-10-30 22:26:36.795 INFO    [de.tum.i13.client.TestClient] Getting the outputstream and inputstream 
2021-10-30 22:26:42.320 FINER   [de.tum.i13.client.TestClient] THROW 
java.lang.NullPointerException: Cannot invoke "java.io.OutputStream.write(byte[])" because "this.O" is null
	at de.tum.i13.operations.operationDetails.sendMS(operationDetails.java:43)
	at de.tum.i13.client.TestClient.main(TestClient.java:44)

2021-10-30 22:29:36.471 INFO    [de.tum.i13.client.TestClient] Connecting to server 
2021-10-30 22:29:36.489 INFO    [de.tum.i13.client.TestClient] Getting the outputstream and inputstream 
2021-10-30 22:29:44.605 FINER   [de.tum.i13.client.TestClient] THROW 
java.lang.NullPointerException: Cannot invoke "java.io.OutputStream.write(byte[])" because "this.O" is null
	at de.tum.i13.operations.operationDetails.sendMS(operationDetails.java:45)
	at de.tum.i13.client.TestClient.main(TestClient.java:44)

2021-10-30 22:32:11.513 INFO    [de.tum.i13.client.TestClient] Connecting to server 
2021-10-30 22:32:11.535 INFO    [de.tum.i13.client.TestClient] Getting the outputstream and inputstream 
2021-10-30 22:34:36.163 INFO    [de.tum.i13.client.TestClient] Connecting to server 
2021-10-30 22:34:36.181 INFO    [de.tum.i13.client.TestClient] Getting the outputstream and inputstream 
2021-10-30 22:39:23.572 INFO    [de.tum.i13.client.TestClient] Connecting to server 
2021-10-30 22:39:23.587 INFO    [de.tum.i13.client.TestClient] Getting the outputstream and inputstream 
2021-10-31 09:35:43.625 INFO    [de.tum.i13.client.TestClient] Connecting to server 
2021-10-31 09:35:43.644 INFO    [de.tum.i13.client.TestClient] Getting the outputstream and inputstream 
2021-10-31 09:40:49.933 INFO    [de.tum.i13.client.TestClient] Connecting to server 
2021-10-31 09:40:49.948 INFO    [de.tum.i13.client.TestClient] Getting the outputstream and inputstream 
2021-10-31 09:47:48.455 INFO    [de.tum.i13.client.TestClient] Connecting to server 
2021-10-31 09:47:48.472 INFO    [de.tum.i13.client.TestClient] Getting the outputstream and inputstream 
2021-10-31 09:50:54.315 INFO    [de.tum.i13.client.TestClient] Connecting to server 
2021-10-31 09:50:54.330 INFO    [de.tum.i13.client.TestClient] Getting the outputstream and inputstream 
2021-10-31 09:50:58.269 INFO    [de.tum.i13.client.TestClient] sending hello echo 
2021-10-31 09:50:58.271 INFO    [de.tum.i13.client.TestClient] printing what the server has returned 
2021-10-31 09:51:30.628 INFO    [de.tum.i13.client.TestClient] Connecting to server 
2021-10-31 09:51:30.648 INFO    [de.tum.i13.client.TestClient] Getting the outputstream and inputstream 
2021-10-31 09:51:33.472 INFO    [de.tum.i13.client.TestClient] sending hello echo 
2021-10-31 09:51:33.474 INFO    [de.tum.i13.client.TestClient] printing what the server has returned 
2021-10-31 10:00:48.445 INFO    [de.tum.i13.client.TestClient] Connecting to server 
2021-10-31 10:00:48.475 INFO    [de.tum.i13.client.TestClient] Getting the outputstream and inputstream 
2021-10-31 10:00:51.846 INFO    [de.tum.i13.client.TestClient] sending hello echo 
2021-10-31 10:00:51.848 INFO    [de.tum.i13.client.TestClient] printing what the server has returned 
2021-10-31 10:02:43.529 INFO    [de.tum.i13.client.TestClient] Connecting to server 
2021-10-31 10:02:43.545 INFO    [de.tum.i13.client.TestClient] Getting the outputstream and inputstream 
2021-10-31 10:02:46.420 INFO    [de.tum.i13.client.TestClient] sending hello echo 
2021-10-31 10:02:46.422 INFO    [de.tum.i13.client.TestClient] printing what the server has returned 
2021-10-31 10:02:50.099 INFO    [de.tum.i13.client.TestClient] sending hello echo 
2021-10-31 10:02:50.100 INFO    [de.tum.i13.client.TestClient] printing what the server has returned 
2021-10-31 10:03:02.551 INFO    [de.tum.i13.client.TestClient] sending hello echo 
2021-10-31 10:03:02.552 INFO    [de.tum.i13.client.TestClient] printing what the server has returned 
2021-10-31 10:03:11.945 INFO    [de.tum.i13.client.TestClient] sending hello echo 
2021-10-31 10:03:11.946 INFO    [de.tum.i13.client.TestClient] printing what the server has returned 
2021-10-31 10:03:25.042 INFO    [de.tum.i13.client.TestClient] sending hello echo 
2021-10-31 10:03:25.043 INFO    [de.tum.i13.client.TestClient] printing what the server has returned 
